
*** Running vivado
    with args -log sma_filter.vds -m64 -product Vivado -mode batch -messageDb vivado.pb -notrace -source sma_filter.tcl



****** Vivado v2024.2 (64-bit)
  **** SW Build 5239630 on Fri Nov 08 22:35:27 MST 2024
  **** IP Build 5239520 on Sun Nov 10 16:12:51 MST 2024
  **** SharedData Build 5239561 on Fri Nov 08 14:39:27 MST 2024
  **** Start of session at: Wed May  7 16:23:10 2025
    ** Copyright 1986-2022 Xilinx, Inc. All Rights Reserved.
    ** Copyright 2022-2024 Advanced Micro Devices, Inc. All Rights Reserved.

source sma_filter.tcl -notrace
Command: read_checkpoint -auto_incremental -incremental C:/Users/031_svalderramaf/project_4/project_4.srcs/utils_1/imports/synth_1/sma_filter.dcp
INFO: [Vivado 12-5825] Read reference checkpoint from C:/Users/031_svalderramaf/project_4/project_4.srcs/utils_1/imports/synth_1/sma_filter.dcp for incremental synthesis
INFO: [Vivado 12-7989] Please ensure there are no constraint changes
Command: synth_design -top sma_filter -part xc7a100tcsg324-1
Starting synth_design
Attempting to get a license for feature 'Synthesis' and/or device 'xc7a100t'
INFO: [Common 17-349] Got license for feature 'Synthesis' and/or device 'xc7a100t'
INFO: [Designutils 20-5440] No compile time benefit to using incremental synthesis; A full resynthesis will be run
INFO: [Designutils 20-4379] Flow is switching to default flow due to incremental criteria not met. If you would like to alter this behaviour and have the flow terminate instead, please set the following parameter config_implementation {autoIncr.Synth.RejectBehavior Terminate}
INFO: [Synth 8-7079] Multithreading enabled for synth_design using a maximum of 2 processes.
INFO: [Synth 8-7078] Launching helper process for spawning children vivado processes
INFO: [Synth 8-7075] Helper process launched with PID 9740
---------------------------------------------------------------------------------
Starting Synthesize : Time (s): cpu = 00:00:13 ; elapsed = 00:00:14 . Memory (MB): peak = 793.062 ; gain = 476.023
---------------------------------------------------------------------------------
INFO: [Synth 8-638] synthesizing module 'sma_filter' [C:/Users/031_svalderramaf/project_4/project_4.srcs/sources_1/new/sma_filter.vhd:38]
ERROR: [Synth 8-690] width mismatch in assignment; target has 8 bits, source has 10 bits [C:/Users/031_svalderramaf/project_4/project_4.srcs/sources_1/new/sma_filter.vhd:65]
WARNING: [Synth 8-614] signal 'load' is read in the process but is not in the sensitivity list [C:/Users/031_svalderramaf/project_4/project_4.srcs/sources_1/new/sma_filter.vhd:55]
WARNING: [Synth 8-614] signal 'din' is read in the process but is not in the sensitivity list [C:/Users/031_svalderramaf/project_4/project_4.srcs/sources_1/new/sma_filter.vhd:55]
WARNING: [Synth 8-614] signal 'sum' is read in the process but is not in the sensitivity list [C:/Users/031_svalderramaf/project_4/project_4.srcs/sources_1/new/sma_filter.vhd:55]
WARNING: [Synth 8-614] signal 'arr_arrs' is read in the process but is not in the sensitivity list [C:/Users/031_svalderramaf/project_4/project_4.srcs/sources_1/new/sma_filter.vhd:55]
ERROR: [Synth 8-285] failed synthesizing module 'sma_filter' [C:/Users/031_svalderramaf/project_4/project_4.srcs/sources_1/new/sma_filter.vhd:38]
---------------------------------------------------------------------------------
Finished Synthesize : Time (s): cpu = 00:00:17 ; elapsed = 00:00:18 . Memory (MB): peak = 897.023 ; gain = 579.984
---------------------------------------------------------------------------------
synthesize failed
INFO: [Common 17-83] Releasing license: Synthesis
10 Infos, 4 Warnings, 0 Critical Warnings and 3 Errors encountered.
synth_design failed
ERROR: [Common 17-69] Command failed: Vivado Synthesis failed
INFO: [Common 17-206] Exiting Vivado at Wed May  7 16:23:40 2025...
